                                                                                                       
Account: TUIDKH2C7MUHZDD77MAMUREJRKNK25SYXB7OAFA6JFBB24PEL5UX4S4GUU                                    
Participation ID: DRINJEQ6PN4GDQYE6ECJFRTVSCXZA4BUWNZMPFL6Q2MFTEFBPXGA                                 
Integrity: 4OAJOXKPLUQM2                                                                               
                                                                                                       
Vote Key: dHynahCuNWpeR9BcE-B8VE1GM_KdUj759k9ja8zNY30                                                  
Selection Key: DM9cyZ0oLuVHDtVzhkhLIW06uE0J9faf6aL_FeLFj3o                                             
State Proof Key: -DAZBTXOletJxFUhEaYQaWaNs3Q4DLEwOlJ68gI8IGq9Ss_1szOimQiAt-f6lqk4FxEe_XvaAXkMbv2_9OiE1g
                                                                                                       
Vote First Valid: 47733256                                                                             
Vote Last Valid: 47861731                                                                              
Vote Key Dilution: 359                                                                                 
                                                                                                       